[robosuite WARNING] No private macro file found! (macros.py:53)
[robosuite WARNING] It is recommended to use a private macro file (macros.py:54)
[robosuite WARNING] To setup, run: python /home/leju-suzhou/zjt_ws/libero-openvla-env/lib/python3.10/site-packages/robosuite/scripts/setup_macros.py (macros.py:55)
Gym has been unmaintained since 2022 and does not support NumPy 2.0 amongst other critical functionality.
Please upgrade to Gymnasium, the maintained drop-in replacement of Gym, or contact the authors of your software and request that they upgrade.
Users of this version of Gym should be able to simply replace 'import gym' with 'import gymnasium as gym' in the vast majority of cases.
See the migration guide at https://gymnasium.farama.org/introduction/migration_guide/ for additional information.
Loading checkpoint shards:   0%|          | 0/4 [00:00<?, ?it/s]Loading checkpoint shards:  25%|██▌       | 1/4 [00:00<00:00,  5.93it/s]Loading checkpoint shards:  50%|█████     | 2/4 [00:00<00:00,  6.30it/s]Loading checkpoint shards:  75%|███████▌  | 3/4 [00:00<00:00,  6.77it/s]Loading checkpoint shards: 100%|██████████| 4/4 [00:00<00:00,  7.14it/s]Loading checkpoint shards: 100%|██████████| 4/4 [00:00<00:00,  6.85it/s]
/home/leju-suzhou/zjt_ws/openpi/third_party/libero/libero/libero/benchmark/__init__.py:164: UserWarning: Environment variable TORCH_FORCE_NO_WEIGHTS_ONLY_LOAD detected, since the`weights_only` argument was not explicitly passed to `torch.load`, forcing weights_only=False.
  init_states = torch.load(init_states_path)
[Warning]: datasets path /home/leju-suzhou/zjt_ws/openpi/third_party/libero/libero/datasets does not exist!
[Warning]: datasets path /home/leju-suzhou/zjt_ws/openpi/third_party/libero/libero/datasets does not exist!
{
  "action": [
    0.0007930791845508489,
    0.03507877436338691,
    0.020089298486709595,
    0.0004621870523574406,
    -0.01856933294558058,
    -0.009573522210121144,
    0.996078431372549
  ],
  "action_finite": true,
  "action_mask": [
    true,
    true,
    true,
    true,
    true,
    true,
    false
  ],
  "action_q01": [
    -0.6294642686843872,
    -0.8705357313156128,
    -0.8973214030265808,
    -0.12321428209543228,
    -0.15642857551574707,
    -0.27964285016059875,
    0.0
  ],
  "action_q99": [
    0.8517857193946838,
    0.8464285731315613,
    0.9375,
    0.1875,
    0.17678570747375488,
    0.34928572177886963,
    1.0
  ],
  "action_shape": [
    7
  ],
  "architecture": [
    "OpenVLAForActionPrediction"
  ],
  "checkpoint": "/home/leju-suzhou/zjt_ws/checkpoints/libero/vq-vla-openvla-7b-libero90",
  "image_shape": [
    224,
    224
  ],
  "instruction": "put the butter at the back in the top drawer of the cabinet and close it",
  "model_vocab_size": 32000,
  "n_action_bins": 256,
  "norm_stats_key": "libero_90_no_noops",
  "norm_stats_keys": [
    "austin_buds_dataset_converted_externally_to_rlds",
    "austin_sailor_dataset_converted_externally_to_rlds",
    "austin_sirius_dataset_converted_externally_to_rlds",
    "bc_z",
    "berkeley_autolab_ur5",
    "berkeley_cable_routing",
    "berkeley_fanuc_manipulation",
    "bridge_orig",
    "cmu_stretch",
    "dlr_edan_shared_control_converted_externally_to_rlds",
    "dobbe",
    "fmb_dataset",
    "fractal20220817_data",
    "furniture_bench_dataset_converted_externally_to_rlds",
    "iamlab_cmu_pickup_insert_converted_externally_to_rlds",
    "jaco_play",
    "kuka",
    "libero_90_no_noops",
    "nyu_franka_play_dataset_converted_externally_to_rlds",
    "roboturk",
    "stanford_hydra_dataset_converted_externally_to_rlds",
    "taco_play",
    "toto",
    "ucsd_kitchen_dataset_converted_externally_to_rlds",
    "utaustin_mutex",
    "viola"
  ],
  "parsed_entities": [
    "butter at the back",
    "top drawer of the cabinet"
  ],
  "task_id": 3,
  "task_name": "KITCHEN_SCENE10_put_the_butter_at_the_back_in_the_top_drawer_of_the_cabinet_and_close_it"
}
exit_code=0
