Fetching 16 files:   0%|          | 0/16 [00:00<?, ?it/s]Downloading '.gitattributes' to '/home/leju-suzhou/zjt_ws/checkpoints/libero/vq-vla-openvla-7b-libero90/.cache/huggingface/download/wPaCkH-WbT7GsmxMKKrNZTV4nSM=.a6344aac8c09253b3b630fb776ae94478aa0275b.incomplete'
Downloading 'generation_config.json' to '/home/leju-suzhou/zjt_ws/checkpoints/libero/vq-vla-openvla-7b-libero90/.cache/huggingface/download/3EVKVggOldJcKSsGjSdoUCN1AyQ=.2cefc1e51e6ccfe846d2b509ced403df73a8efe2.incomplete'
Download complete. Moving file to /home/leju-suzhou/zjt_ws/checkpoints/libero/vq-vla-openvla-7b-libero90/.gitattributes
Fetching 16 files:  25%|██▌       | 4/16 [00:00<00:02,  4.43it/s]Downloading 'model-00001-of-00004.safetensors' to '/home/leju-suzhou/zjt_ws/checkpoints/libero/vq-vla-openvla-7b-libero90/.cache/huggingface/download/IO4xwqmZYzFmxznkwkiNSBwO1H0=.96398076431553f13c8c78d91730bde8765b3da7243afebd03c13d0d257c3848.incomplete'
Download complete. Moving file to /home/leju-suzhou/zjt_ws/checkpoints/libero/vq-vla-openvla-7b-libero90/generation_config.json
Downloading 'added_tokens.json' to '/home/leju-suzhou/zjt_ws/checkpoints/libero/vq-vla-openvla-7b-libero90/.cache/huggingface/download/SeqzFlf9ZNZ3or_wZAOIdsM3Yxw=.8671820d1bb0dfd4dd92d5bd0fa9b5a7773f843e.incomplete'
Downloading 'model-00002-of-00004.safetensors' to '/home/leju-suzhou/zjt_ws/checkpoints/libero/vq-vla-openvla-7b-libero90/.cache/huggingface/download/t9msAuTjAZjuQnmzGOwTjiptvIU=.bff3948179307db8b7fdada21273b3d5baa7ab76dd3989d4b821a5b96e8ab086.incomplete'
Download complete. Moving file to /home/leju-suzhou/zjt_ws/checkpoints/libero/vq-vla-openvla-7b-libero90/added_tokens.json
Downloading 'model-00003-of-00004.safetensors' to '/home/leju-suzhou/zjt_ws/checkpoints/libero/vq-vla-openvla-7b-libero90/.cache/huggingface/download/DaGOU-KRMVrY0aYktrsE34tL0Bs=.d98b5de7638d3ec18cdb7de3bc706885a70d9a5379288dcc3051da04362794b9.incomplete'
Downloading 'model-00004-of-00004.safetensors' to '/home/leju-suzhou/zjt_ws/checkpoints/libero/vq-vla-openvla-7b-libero90/.cache/huggingface/download/-dFtyT7kcgbTHt1cy9JKqruJCR4=.bdc2d24168c1f616dbad4eb886727afda92415efbc29d7de4ae47a14684dbf07.incomplete'
Fetching 16 files:  38%|███▊      | 6/16 [00:20<00:33,  3.33s/it]Download complete. Moving file to /home/leju-suzhou/zjt_ws/checkpoints/libero/vq-vla-openvla-7b-libero90/model-00004-of-00004.safetensors
Fetching 16 files:  44%|████▍     | 7/16 [00:24<00:31,  3.47s/it]Fetching 16 files:  50%|█████     | 8/16 [00:24<00:24,  3.08s/it]Fetching 16 files:  56%|█████▋    | 9/16 [00:25<00:19,  2.78s/it]Downloading 'special_tokens_map.json' to '/home/leju-suzhou/zjt_ws/checkpoints/libero/vq-vla-openvla-7b-libero90/.cache/huggingface/download/ahkChHUJFxEmOdq5GDFEmerRzCY=.ab75c8e0a22550f0667501a0c52758f071a9efd8.incomplete'
Download complete. Moving file to /home/leju-suzhou/zjt_ws/checkpoints/libero/vq-vla-openvla-7b-libero90/special_tokens_map.json
Fetching 16 files:  62%|██████▎   | 10/16 [00:25<00:15,  2.59s/it]Downloading 'tokenizer.json' to '/home/leju-suzhou/zjt_ws/checkpoints/libero/vq-vla-openvla-7b-libero90/.cache/huggingface/download/HgM_lKo9sdSCfRtVg7MMFS7EKqo=.591f1fc6ff695d967513100f707e66d5bf731414.incomplete'
Download complete. Moving file to /home/leju-suzhou/zjt_ws/checkpoints/libero/vq-vla-openvla-7b-libero90/tokenizer.json
Fetching 16 files:  69%|██████▉   | 11/16 [00:27<00:12,  2.51s/it]Downloading 'tokenizer.model' to '/home/leju-suzhou/zjt_ws/checkpoints/libero/vq-vla-openvla-7b-libero90/.cache/huggingface/download/7iVfz3cUOMr-hyjiqqRDHEwVBAM=.9e556afd44213b6bd1be2b850ebbbd98f5481437a8021afaf58ee7fb1818d347.incomplete'
Download complete. Moving file to /home/leju-suzhou/zjt_ws/checkpoints/libero/vq-vla-openvla-7b-libero90/tokenizer.model
Fetching 16 files:  75%|███████▌  | 12/16 [00:34<00:11,  2.87s/it]Downloading 'tokenizer_config.json' to '/home/leju-suzhou/zjt_ws/checkpoints/libero/vq-vla-openvla-7b-libero90/.cache/huggingface/download/vzaExXFZNBay89bvlQv-ZcI6BTg=.7566269cef6fd7301700397bcc988fcab8ca0e52.incomplete'
Download complete. Moving file to /home/leju-suzhou/zjt_ws/checkpoints/libero/vq-vla-openvla-7b-libero90/tokenizer_config.json
Fetching 16 files:  81%|████████▏ | 13/16 [00:35<00:08,  2.70s/it]Download complete. Moving file to /home/leju-suzhou/zjt_ws/checkpoints/libero/vq-vla-openvla-7b-libero90/model-00003-of-00004.safetensors
Fetching 16 files:  88%|████████▊ | 14/16 [02:39<00:22, 11.41s/it]Download complete. Moving file to /home/leju-suzhou/zjt_ws/checkpoints/libero/vq-vla-openvla-7b-libero90/model-00002-of-00004.safetensors
Fetching 16 files:  94%|█████████▍| 15/16 [02:48<00:11, 11.24s/it]Download complete. Moving file to /home/leju-suzhou/zjt_ws/checkpoints/libero/vq-vla-openvla-7b-libero90/model-00001-of-00004.safetensors
Fetching 16 files: 100%|██████████| 16/16 [02:53<00:00, 10.84s/it]Fetching 16 files: 100%|██████████| 16/16 [02:53<00:00, 10.84s/it]
/home/leju-suzhou/zjt_ws/checkpoints/libero/vq-vla-openvla-7b-libero90
exit_code=0
